// Jest Snapshot v1, https://goo.gl/fbAQLP

exports[`Matches expected default snapshot 1`] = `
<DocumentFragment>
  <button
    aria-disabled="false"
    class="pf-c-button pf-m-primary"
    data-ouia-component-id="ouiaId"
    data-ouia-component-type="PF4/Button"
    data-ouia-safe="true"
    type="button"
  >
    Test
  </button>
</DocumentFragment>
`;
